// Jest Snapshot v1, https://goo.gl/fbAQLP

exports[`Es hora de las instantáneas Permitimos una excepción 1`] = `
Object {
  "id": Any<Number>,
  "name": "Bárbara",
}
`;

exports[`Es hora de las instantáneas Siempre fallará el Snapshot 1`] = `
Object {
  "createAt": 2020-11-06T11:39:39.774Z,
  "id": 0,
}
`;

exports[`Es hora de las instantáneas Snapshot 1`] = `
Object {
  "gender": "Male",
  "id": 1,
  "name": "Rick Sánchez",
  "species": "Human",
  "status": "Alive",
}
`;
